// Jest Snapshot v1, https://goo.gl/fbAQLP

exports[`transfrom css directives 1`] = `
"/* windicss layer base */

/* windicss layer components */

/* windicss layer utilities */"
`;

exports[`transfrom css directives 2`] = `
"/* windicss layer base */

/* windicss layer components */

/* windicss layer utilities */"
`;

exports[`transfrom css directives 3`] = `""`;

exports[`transfrom css directives: @layer all 1`] = `
"/* windicss layer base */
.btn-base {
  --tw-text-opacity: 1;
  color: rgba(252, 165, 165, var(--tw-text-opacity));
  font-size: 1.5rem;
}
/* windicss layer components */
.btn-components {
  --tw-text-opacity: 1;
  color: rgba(248, 113, 113, var(--tw-text-opacity));
  font-size: 1rem;
}
/* windicss layer utilities */
.p-4 {
  padding: 1rem;
}
.btn-utilities {
  --tw-text-opacity: 1;
  color: rgba(254, 202, 202, var(--tw-text-opacity));
  font-size: 2rem;
}"
`;

exports[`transfrom css directives: @layer base 1`] = `
"/* windicss layer base */
.btn-base {
  --tw-text-opacity: 1;
  color: rgba(252, 165, 165, var(--tw-text-opacity));
  font-size: 1.5rem;
}"
`;

exports[`transfrom css directives: @layer components 1`] = `
"/* windicss layer components */
.btn-components {
  --tw-text-opacity: 1;
  color: rgba(248, 113, 113, var(--tw-text-opacity));
  font-size: 1rem;
}"
`;

exports[`transfrom css directives: @layer components 2`] = `
"/* windicss layer components */
.btn-components {
  --tw-text-opacity: 1;
  color: rgba(239, 68, 68, var(--tw-text-opacity));
  font-size: 1.5rem;
}"
`;

exports[`transfrom css directives: @layer utilities 1`] = `
"/* windicss layer utilities */
.p-4 {
  padding: 1rem;
}
.btn-utilities {
  --tw-text-opacity: 1;
  color: rgba(254, 202, 202, var(--tw-text-opacity));
  font-size: 2rem;
}"
`;

exports[`transfrom css directives: @layer utilities 2`] = `
"/* windicss layer utilities */
.p-4 {
  padding: 1rem;
}"
`;

exports[`transfrom css directives: basic @apply 1`] = `
".rounded-box {
  border-radius: var(--rounded-box, 1rem);
}
.card {
  color: black;
  --tw-shadow-color: 0, 0, 0;
  --tw-shadow: 0 1px 3px 0 rgba(var(--tw-shadow-color), 0.1), 0 1px 2px 0 rgba(var(--tw-shadow-color), 0.06);
  -webkit-box-shadow: var(--tw-ring-offset-shadow, 0 0 #0000), var(--tw-ring-shadow, 0 0 #0000), var(--tw-shadow);
  box-shadow: var(--tw-ring-offset-shadow, 0 0 #0000), var(--tw-ring-shadow, 0 0 #0000), var(--tw-shadow);
  border-radius: var(--rounded-box, 1rem);
}
.card:hover {
  --tw-shadow-color: 0, 0, 0;
  --tw-shadow: 0 20px 25px -5px rgba(var(--tw-shadow-color), 0.1), 0 10px 10px -5px rgba(var(--tw-shadow-color), 0.04);
  -webkit-box-shadow: var(--tw-ring-offset-shadow, 0 0 #0000), var(--tw-ring-shadow, 0 0 #0000), var(--tw-shadow);
  box-shadow: var(--tw-ring-offset-shadow, 0 0 #0000), var(--tw-ring-shadow, 0 0 #0000), var(--tw-shadow);
}
.artboard {
  border-radius: var(--rounded-box, 1rem);
}"
`;

exports[`transfrom css directives: basic @layer 1`] = `
".btn {
  padding: 5px;
}"
`;

exports[`transfrom groups: "!hover:(m-2 p-2)" 1`] = `"!hover:m-2 !hover:p-2"`;

exports[`transfrom groups: "+sm:(p-1 p-2)" 1`] = `"+sm:p-1 +sm:p-2"`;

exports[`transfrom groups: "<md:(grid grid-cols-[1fr,50%])" 1`] = `"<md:grid <md:grid-cols-[1fr,50%]"`;

exports[`transfrom groups: "@lg:(p-1 p-2)" 1`] = `"@lg:p-1 @lg:p-2"`;

exports[`transfrom groups: "-sm:hover:(p-1 p-2)" 1`] = `"-sm:hover:p-1 -sm:hover:p-2"`;

exports[`transfrom groups: "bg-white font-light sm:hover:(bg-gray-100 font-medium)" 1`] = `"bg-white font-light sm:hover:bg-gray-100 sm:hover:font-medium"`;

exports[`transfrom groups: "dark:+lg:(p-1 p-2)" 1`] = `"dark:+lg:p-1 dark:+lg:p-2"`;

exports[`transfrom groups: "md:(w-40vw pr-4.5rem)" 1`] = `"md:w-40vw md:pr-4.5rem"`;
